interactions:
- request:
    body: null
    headers:
      Accept:
      - '*/*'
      Accept-Encoding:
      - gzip, deflate
      Connection:
      - keep-alive
      User-Agent:
      - python-requests/2.24.0
    method: GET
    uri: https://ipam.example.org/api/ansible/subnets/cidr/172.16.0.0/24/?filter_by=sectionId&filter_value=1
  response:
    body:
      string: '{"code":200,"success":false,"message":"No subnets found","time":0.005}'
    headers:
      Cache-Control:
      - no-cache
      Connection:
      - Keep-Alive
      Content-Length:
      - '70'
      Content-Type:
      - application/json; charset=utf-8
      Date:
      - Fri, 17 Jun 2022 17:19:55 GMT
      Expires:
      - Thu, 19 Nov 1981 08:52:00 GMT
      Keep-Alive:
      - timeout=5, max=100
      Pragma:
      - no-cache
      Server:
      - Apache
      Set-Cookie:
      - phpipam=qobg612scen5cg0q3tucrl4ft1; expires=Sat, 18 Jun 2022 17:19:55 +0000;
        Max-Age=86400; path=/; SameSite=Lax; HttpOnly;
      X-Powered-By:
      - PHP/7.4.25
    status:
      code: 200
      message: OK
- request:
    body: subnet=172.16.0.0&mask=24&description=Test+subnet&sectionId=1
    headers:
      Accept:
      - '*/*'
      Accept-Encoding:
      - gzip, deflate
      Connection:
      - keep-alive
      Content-Length:
      - '61'
      Content-Type:
      - application/x-www-form-urlencoded
      User-Agent:
      - python-requests/2.24.0
    method: POST
    uri: https://ipam.example.org/api/ansible/subnets
  response:
    body:
      string: '{"code":201,"success":true,"message":"Subnet created","id":"7","data":"172.16.0.0\/24","time":0.01}'
    headers:
      Cache-Control:
      - no-cache
      Connection:
      - Keep-Alive
      Content-Length:
      - '99'
      Content-Type:
      - application/json; charset=utf-8
      Date:
      - Fri, 17 Jun 2022 17:19:55 GMT
      Expires:
      - Thu, 19 Nov 1981 08:52:00 GMT
      Keep-Alive:
      - timeout=5, max=100
      Location:
      - /api/ansible/subnets/7/
      Pragma:
      - no-cache
      Server:
      - Apache
      Set-Cookie:
      - phpipam=tb357464vtqrovim5frofkftv6; expires=Sat, 18 Jun 2022 17:19:55 +0000;
        Max-Age=86400; path=/; SameSite=Lax; HttpOnly;
      X-Powered-By:
      - PHP/7.4.25
    status:
      code: 201
      message: Created
- request:
    body: null
    headers:
      Accept:
      - '*/*'
      Accept-Encoding:
      - gzip, deflate
      Connection:
      - keep-alive
      User-Agent:
      - python-requests/2.24.0
    method: GET
    uri: https://ipam.example.org/api/ansible/subnets/cidr/172.16.0.0/24
  response:
    body:
      string: '{"code":200,"success":true,"data":[{"id":"7","subnet":"172.16.0.0","mask":"24","sectionId":"1","description":"Test
        subnet","linked_subnet":null,"firewallAddressObject":null,"vrfId":null,"masterSubnetId":"0","allowRequests":"0","vlanId":null,"showName":"0","device":"0","permissions":"{\"3\":\"1\",\"2\":\"2\"}","pingSubnet":"0","discoverSubnet":"0","resolveDNS":"0","DNSrecursive":"0","DNSrecords":"0","nameserverId":"0","scanAgent":null,"customer_id":null,"isFolder":"0","isFull":"0","tag":"2","threshold":"0","location":null,"editDate":null,"lastScan":null,"lastDiscovery":null}],"time":0.002}'
    headers:
      Cache-Control:
      - no-cache
      Connection:
      - Keep-Alive
      Content-Length:
      - '595'
      Content-Type:
      - application/json; charset=utf-8
      Date:
      - Fri, 17 Jun 2022 17:19:55 GMT
      Expires:
      - Thu, 19 Nov 1981 08:52:00 GMT
      Keep-Alive:
      - timeout=5, max=100
      Pragma:
      - no-cache
      Server:
      - Apache
      Set-Cookie:
      - phpipam=l058v1c85oaqqn4t3o42o5ct5i; expires=Sat, 18 Jun 2022 17:19:55 +0000;
        Max-Age=86400; path=/; SameSite=Lax; HttpOnly;
      X-Powered-By:
      - PHP/7.4.25
    status:
      code: 200
      message: OK
- request:
    body: null
    headers:
      Accept:
      - '*/*'
      Accept-Encoding:
      - gzip, deflate
      Connection:
      - keep-alive
      User-Agent:
      - python-requests/2.24.0
    method: GET
    uri: https://ipam.example.org/api/ansible/subnets/7/addresses
  response:
    body:
      string: '{"code":200,"success":false,"message":"No addresses found","time":0.002}'
    headers:
      Cache-Control:
      - no-cache
      Connection:
      - Keep-Alive
      Content-Length:
      - '72'
      Content-Type:
      - application/json; charset=utf-8
      Date:
      - Fri, 17 Jun 2022 17:19:55 GMT
      Expires:
      - Thu, 19 Nov 1981 08:52:00 GMT
      Keep-Alive:
      - timeout=5, max=100
      Pragma:
      - no-cache
      Server:
      - Apache
      Set-Cookie:
      - phpipam=khmc4upj4867krpc6qceoc41ci; expires=Sat, 18 Jun 2022 17:19:55 +0000;
        Max-Age=86400; path=/; SameSite=Lax; HttpOnly;
      X-Powered-By:
      - PHP/7.4.25
    status:
      code: 200
      message: OK
- request:
    body: null
    headers:
      Accept:
      - '*/*'
      Accept-Encoding:
      - gzip, deflate
      Connection:
      - keep-alive
      Content-Length:
      - '0'
      User-Agent:
      - python-requests/2.24.0
    method: DELETE
    uri: https://ipam.example.org/api/ansible/subnets/7
  response:
    body:
      string: '{"code":200,"success":true,"message":"Subnet deleted","time":0.012}'
    headers:
      Cache-Control:
      - no-cache
      Connection:
      - Keep-Alive
      Content-Length:
      - '67'
      Content-Type:
      - application/json; charset=utf-8
      Date:
      - Fri, 17 Jun 2022 17:19:55 GMT
      Expires:
      - Thu, 19 Nov 1981 08:52:00 GMT
      Keep-Alive:
      - timeout=5, max=100
      Pragma:
      - no-cache
      Server:
      - Apache
      Set-Cookie:
      - phpipam=2cddlh0r9eiqeb4bna42sk3h1i; expires=Sat, 18 Jun 2022 17:19:55 +0000;
        Max-Age=86400; path=/; SameSite=Lax; HttpOnly;
      X-Powered-By:
      - PHP/7.4.25
    status:
      code: 200
      message: OK
- request:
    body: null
    headers:
      Accept:
      - '*/*'
      Accept-Encoding:
      - gzip, deflate
      Connection:
      - keep-alive
      Content-Length:
      - '0'
      User-Agent:
      - python-requests/2.24.0
    method: POST
    uri: https://ipam.example.org/api/ansible/user
  response:
    body:
      string: '{"code":200,"success":true,"data":{"token":"xLmEsnDFDcdc2tMDvZ_ke2E4","expires":"2022-06-17
        23:32:08"},"time":0.014}'
    headers:
      Cache-Control:
      - no-cache
      Connection:
      - Keep-Alive
      Content-Length:
      - '116'
      Content-Type:
      - application/json; charset=utf-8
      Date:
      - Fri, 17 Jun 2022 17:32:08 GMT
      Expires:
      - Thu, 19 Nov 1981 08:52:00 GMT
      Keep-Alive:
      - timeout=5, max=100
      Pragma:
      - no-cache
      Server:
      - Apache
      Set-Cookie:
      - phpipam=heu0hf4t9uce8plstnf7odvmkj; expires=Sat, 18 Jun 2022 17:32:08 +0000;
        Max-Age=86400; path=/; SameSite=Lax; HttpOnly;
      X-Powered-By:
      - PHP/7.4.25
    status:
      code: 200
      message: OK
- request:
    body: null
    headers:
      Accept:
      - '*/*'
      Accept-Encoding:
      - gzip, deflate
      Connection:
      - keep-alive
      User-Agent:
      - python-requests/2.24.0
    method: GET
    uri: https://ipam.example.org/api/ansible/subnets/cidr/1.2.3.4
  response:
    body:
      string: '{"code":200,"success":false,"message":"No subnets found","time":0.002}'
    headers:
      Cache-Control:
      - no-cache
      Connection:
      - Keep-Alive
      Content-Length:
      - '70'
      Content-Type:
      - application/json; charset=utf-8
      Date:
      - Fri, 17 Jun 2022 17:32:08 GMT
      Expires:
      - Thu, 19 Nov 1981 08:52:00 GMT
      Keep-Alive:
      - timeout=5, max=100
      Pragma:
      - no-cache
      Server:
      - Apache
      Set-Cookie:
      - phpipam=4dk5cj9jkb0ignqsa78jbca1tk; expires=Sat, 18 Jun 2022 17:32:08 +0000;
        Max-Age=86400; path=/; SameSite=Lax; HttpOnly;
      X-Powered-By:
      - PHP/7.4.25
    status:
      code: 200
      message: OK
- request:
    body: null
    headers:
      Accept:
      - '*/*'
      Accept-Encoding:
      - gzip, deflate
      Connection:
      - keep-alive
      User-Agent:
      - python-requests/2.24.0
    method: GET
    uri: https://ipam.example.org/api/ansible/addresses/search/1.2.3.4
  response:
    body:
      string: '{"code":200,"success":false,"message":"Address not found","time":0.01}'
    headers:
      Cache-Control:
      - no-cache
      Connection:
      - Keep-Alive
      Content-Length:
      - '70'
      Content-Type:
      - application/json; charset=utf-8
      Date:
      - Fri, 17 Jun 2022 17:32:09 GMT
      Expires:
      - Thu, 19 Nov 1981 08:52:00 GMT
      Keep-Alive:
      - timeout=5, max=100
      Pragma:
      - no-cache
      Server:
      - Apache
      Set-Cookie:
      - phpipam=t3mfkb80hnoe34hqgu734rneth; expires=Sat, 18 Jun 2022 17:32:09 +0000;
        Max-Age=86400; path=/; SameSite=Lax; HttpOnly;
      X-Powered-By:
      - PHP/7.4.25
    status:
      code: 200
      message: OK
- request:
    body: null
    headers:
      Accept:
      - '*/*'
      Accept-Encoding:
      - gzip, deflate
      Connection:
      - keep-alive
      User-Agent:
      - python-requests/2.24.0
    method: GET
    uri: https://ipam.example.org/api/ansible/vlans//1337
  response:
    body:
      string: '{"code":200,"success":false,"message":"Vlan not found","time":0.006}'
    headers:
      Cache-Control:
      - no-cache
      Connection:
      - Keep-Alive
      Content-Length:
      - '68'
      Content-Type:
      - application/json; charset=utf-8
      Date:
      - Fri, 17 Jun 2022 17:32:09 GMT
      Expires:
      - Thu, 19 Nov 1981 08:52:00 GMT
      Keep-Alive:
      - timeout=5, max=100
      Pragma:
      - no-cache
      Server:
      - Apache
      Set-Cookie:
      - phpipam=dktkh5dsc2ptaj8hnlgkvh75km; expires=Sat, 18 Jun 2022 17:32:09 +0000;
        Max-Age=86400; path=/; SameSite=Lax; HttpOnly;
      X-Powered-By:
      - PHP/7.4.25
    status:
      code: 200
      message: OK
- request:
    body: null
    headers:
      Accept:
      - '*/*'
      Accept-Encoding:
      - gzip, deflate
      Connection:
      - keep-alive
      User-Agent:
      - python-requests/2.24.0
    method: GET
    uri: https://ipam.example.org/api/ansible/vrf
  response:
    body:
      string: '{"code":200,"success":false,"message":"No vrfs configured","time":0.007}'
    headers:
      Cache-Control:
      - no-cache
      Connection:
      - Keep-Alive
      Content-Length:
      - '72'
      Content-Type:
      - application/json; charset=utf-8
      Date:
      - Fri, 17 Jun 2022 17:32:09 GMT
      Expires:
      - Thu, 19 Nov 1981 08:52:00 GMT
      Keep-Alive:
      - timeout=5, max=100
      Pragma:
      - no-cache
      Server:
      - Apache
      Set-Cookie:
      - phpipam=1fee1qpatb31teq398v2apu7qf; expires=Sat, 18 Jun 2022 17:32:09 +0000;
        Max-Age=86400; path=/; SameSite=Lax; HttpOnly;
      X-Powered-By:
      - PHP/7.4.25
    status:
      code: 200
      message: OK
- request:
    body: null
    headers:
      Accept:
      - '*/*'
      Accept-Encoding:
      - gzip, deflate
      Connection:
      - keep-alive
      User-Agent:
      - python-requests/2.24.0
    method: GET
    uri: https://ipam.example.org/api/ansible/devices//1337
  response:
    body:
      string: '{"code":404,"success":false,"message":"Device not found","time":0.003}'
    headers:
      Cache-Control:
      - no-cache
      Connection:
      - Keep-Alive
      Content-Length:
      - '70'
      Content-Type:
      - application/json; charset=utf-8
      Date:
      - Fri, 17 Jun 2022 17:32:09 GMT
      Expires:
      - Thu, 19 Nov 1981 08:52:00 GMT
      Keep-Alive:
      - timeout=5, max=100
      Pragma:
      - no-cache
      Server:
      - Apache
      Set-Cookie:
      - phpipam=62oh04h2dsso9stpgs4u5qck01; expires=Sat, 18 Jun 2022 17:32:09 +0000;
        Max-Age=86400; path=/; SameSite=Lax; HttpOnly;
      X-Powered-By:
      - PHP/7.4.25
    status:
      code: 404
      message: Not Found
- request:
    body: null
    headers:
      Accept:
      - '*/*'
      Accept-Encoding:
      - gzip, deflate
      Connection:
      - keep-alive
      User-Agent:
      - python-requests/2.24.0
    method: GET
    uri: https://ipam.example.org/api/ansible/sections/?filter_by=name&filter_match=full&filter_value=not_existing_section
  response:
    body:
      string: '{"code":404,"success":false,"message":"No results (filter applied)","time":0.003}'
    headers:
      Cache-Control:
      - no-cache
      Connection:
      - Keep-Alive
      Content-Length:
      - '81'
      Content-Type:
      - application/json; charset=utf-8
      Date:
      - Fri, 17 Jun 2022 17:32:09 GMT
      Expires:
      - Thu, 19 Nov 1981 08:52:00 GMT
      Keep-Alive:
      - timeout=5, max=100
      Pragma:
      - no-cache
      Server:
      - Apache
      Set-Cookie:
      - phpipam=ub5g10oa1jm6ee2t5fv8dn4iun; expires=Sat, 18 Jun 2022 17:32:09 +0000;
        Max-Age=86400; path=/; SameSite=Lax; HttpOnly;
      X-Powered-By:
      - PHP/7.4.25
    status:
      code: 404
      message: Not Found
- request:
    body: null
    headers:
      Accept:
      - '*/*'
      Accept-Encoding:
      - gzip, deflate
      Connection:
      - keep-alive
      User-Agent:
      - python-requests/2.24.0
    method: GET
    uri: https://ipam.example.org/api/ansible/tools/device_types//1337
  response:
    body:
      string: '{"code":200,"success":false,"message":"No objects found","time":0.003}'
    headers:
      Cache-Control:
      - no-cache
      Connection:
      - Keep-Alive
      Content-Length:
      - '70'
      Content-Type:
      - application/json; charset=utf-8
      Date:
      - Fri, 17 Jun 2022 17:32:09 GMT
      Expires:
      - Thu, 19 Nov 1981 08:52:00 GMT
      Keep-Alive:
      - timeout=5, max=100
      Pragma:
      - no-cache
      Server:
      - Apache
      Set-Cookie:
      - phpipam=mfho6tlf2o9f1g9jklqlbs6vnu; expires=Sat, 18 Jun 2022 17:32:09 +0000;
        Max-Age=86400; path=/; SameSite=Lax; HttpOnly;
      X-Powered-By:
      - PHP/7.4.25
    status:
      code: 200
      message: OK
- request:
    body: null
    headers:
      Accept:
      - '*/*'
      Accept-Encoding:
      - gzip, deflate
      Connection:
      - keep-alive
      User-Agent:
      - python-requests/2.24.0
    method: GET
    uri: https://ipam.example.org/api/ansible/addresses/search_hostname/not_existing_hostname
  response:
    body:
      string: '{"code":200,"success":false,"message":"Hostname not found","time":0.005}'
    headers:
      Cache-Control:
      - no-cache
      Connection:
      - Keep-Alive
      Content-Length:
      - '72'
      Content-Type:
      - application/json; charset=utf-8
      Date:
      - Fri, 17 Jun 2022 17:32:09 GMT
      Expires:
      - Thu, 19 Nov 1981 08:52:00 GMT
      Keep-Alive:
      - timeout=5, max=100
      Pragma:
      - no-cache
      Server:
      - Apache
      Set-Cookie:
      - phpipam=2d249dg3pqificihkqnoepplo8; expires=Sat, 18 Jun 2022 17:32:09 +0000;
        Max-Age=86400; path=/; SameSite=Lax; HttpOnly;
      X-Powered-By:
      - PHP/7.4.25
    status:
      code: 200
      message: OK
version: 1
