interactions:
- request:
    body: null
    headers:
      Accept:
      - '*/*'
      Accept-Encoding:
      - gzip, deflate
      Connection:
      - keep-alive
      Content-Length:
      - '0'
      User-Agent:
      - python-requests/2.24.0
    method: POST
    uri: https://ipam.example.org/api/ansible/user
  response:
    body:
      string: '{"code":200,"success":true,"data":{"token":"FnNkF2HHbI7nK46Xo9TicJub","expires":"2021-09-02
        23:03:39"},"time":0.026}'
    headers:
      Cache-Control:
      - no-cache
      Connection:
      - Keep-Alive
      Content-Type:
      - application/json; charset=utf-8
      Date:
      - Thu, 02 Sep 2021 15:03:39 GMT
      Expires:
      - Thu, 19 Nov 1981 08:52:00 GMT
      Keep-Alive:
      - timeout=5, max=100
      Pragma:
      - no-cache
      Server:
      - Apache/2.4.37 (centos) OpenSSL/1.1.1g
      Set-Cookie:
      - phpipam=sks3vafc4ijohhrd002obonl9v; expires=Fri, 03 Sep 2021 15:03:39 +0000;
        Max-Age=86400; path=/; SameSite=Lax; HttpOnly;
      X-Powered-By:
      - PHP/7.2.24
    status:
      code: 200
      message: OK
- request:
    body: null
    headers:
      Accept:
      - '*/*'
      Accept-Encoding:
      - gzip, deflate
      Connection:
      - keep-alive
      User-Agent:
      - python-requests/2.24.0
    method: GET
    uri: https://ipam.example.org/api/ansible/subnets/cidr/1.2.3.4
  response:
    body:
      string: '{"code":200,"success":false,"message":"No subnets found","time":0.004}'
    headers:
      Cache-Control:
      - no-cache
      Connection:
      - Keep-Alive
      Content-Type:
      - application/json; charset=utf-8
      Date:
      - Thu, 02 Sep 2021 15:03:39 GMT
      Expires:
      - Thu, 19 Nov 1981 08:52:00 GMT
      Keep-Alive:
      - timeout=5, max=100
      Pragma:
      - no-cache
      Server:
      - Apache/2.4.37 (centos) OpenSSL/1.1.1g
      Set-Cookie:
      - phpipam=iecmn27al98vo45j9bcba5sol9; expires=Fri, 03 Sep 2021 15:03:39 +0000;
        Max-Age=86400; path=/; SameSite=Lax; HttpOnly;
      Transfer-Encoding:
      - chunked
      X-Powered-By:
      - PHP/7.2.24
    status:
      code: 200
      message: OK
- request:
    body: null
    headers:
      Accept:
      - '*/*'
      Accept-Encoding:
      - gzip, deflate
      Connection:
      - keep-alive
      User-Agent:
      - python-requests/2.24.0
    method: GET
    uri: https://ipam.example.org/api/ansible/addresses/search/1.2.3.4
  response:
    body:
      string: '{"code":200,"success":false,"message":"Address not found","time":0.006}'
    headers:
      Cache-Control:
      - no-cache
      Connection:
      - Keep-Alive
      Content-Type:
      - application/json; charset=utf-8
      Date:
      - Thu, 02 Sep 2021 15:03:39 GMT
      Expires:
      - Thu, 19 Nov 1981 08:52:00 GMT
      Keep-Alive:
      - timeout=5, max=100
      Pragma:
      - no-cache
      Server:
      - Apache/2.4.37 (centos) OpenSSL/1.1.1g
      Set-Cookie:
      - phpipam=ae8pe4uvc9nn0qjrc7naluuut4; expires=Fri, 03 Sep 2021 15:03:39 +0000;
        Max-Age=86400; path=/; SameSite=Lax; HttpOnly;
      Transfer-Encoding:
      - chunked
      X-Powered-By:
      - PHP/7.2.24
    status:
      code: 200
      message: OK
- request:
    body: null
    headers:
      Accept:
      - '*/*'
      Accept-Encoding:
      - gzip, deflate
      Connection:
      - keep-alive
      User-Agent:
      - python-requests/2.24.0
    method: GET
    uri: https://ipam.example.org/api/ansible/vlans//1337
  response:
    body:
      string: '{"code":200,"success":false,"message":"Vlan not found","time":0.004}'
    headers:
      Cache-Control:
      - no-cache
      Connection:
      - Keep-Alive
      Content-Type:
      - application/json; charset=utf-8
      Date:
      - Thu, 02 Sep 2021 15:03:39 GMT
      Expires:
      - Thu, 19 Nov 1981 08:52:00 GMT
      Keep-Alive:
      - timeout=5, max=100
      Pragma:
      - no-cache
      Server:
      - Apache/2.4.37 (centos) OpenSSL/1.1.1g
      Set-Cookie:
      - phpipam=45kanoi8nrv3tr0j2p7sd18hga; expires=Fri, 03 Sep 2021 15:03:39 +0000;
        Max-Age=86400; path=/; SameSite=Lax; HttpOnly;
      Transfer-Encoding:
      - chunked
      X-Powered-By:
      - PHP/7.2.24
    status:
      code: 200
      message: OK
- request:
    body: null
    headers:
      Accept:
      - '*/*'
      Accept-Encoding:
      - gzip, deflate
      Connection:
      - keep-alive
      User-Agent:
      - python-requests/2.24.0
    method: GET
    uri: https://ipam.example.org/api/ansible/vrf
  response:
    body:
      string: '{"code":200,"success":false,"message":"No vrfs configured","time":0.003}'
    headers:
      Cache-Control:
      - no-cache
      Connection:
      - Keep-Alive
      Content-Type:
      - application/json; charset=utf-8
      Date:
      - Thu, 02 Sep 2021 15:03:39 GMT
      Expires:
      - Thu, 19 Nov 1981 08:52:00 GMT
      Keep-Alive:
      - timeout=5, max=100
      Pragma:
      - no-cache
      Server:
      - Apache/2.4.37 (centos) OpenSSL/1.1.1g
      Set-Cookie:
      - phpipam=ghf8m3mg1jgffg2nhvipfv1v5m; expires=Fri, 03 Sep 2021 15:03:39 +0000;
        Max-Age=86400; path=/; SameSite=Lax; HttpOnly;
      Transfer-Encoding:
      - chunked
      X-Powered-By:
      - PHP/7.2.24
    status:
      code: 200
      message: OK
- request:
    body: null
    headers:
      Accept:
      - '*/*'
      Accept-Encoding:
      - gzip, deflate
      Connection:
      - keep-alive
      User-Agent:
      - python-requests/2.24.0
    method: GET
    uri: https://ipam.example.org/api/ansible/devices//1337
  response:
    body:
      string: '{"code":404,"success":false,"message":"Device not found","time":0.004}'
    headers:
      Cache-Control:
      - no-cache
      Connection:
      - Keep-Alive
      Content-Type:
      - application/json; charset=utf-8
      Date:
      - Thu, 02 Sep 2021 15:03:39 GMT
      Expires:
      - Thu, 19 Nov 1981 08:52:00 GMT
      Keep-Alive:
      - timeout=5, max=100
      Pragma:
      - no-cache
      Server:
      - Apache/2.4.37 (centos) OpenSSL/1.1.1g
      Set-Cookie:
      - phpipam=ms3o18qp73as0453ml9cem7er0; expires=Fri, 03 Sep 2021 15:03:40 +0000;
        Max-Age=86400; path=/; SameSite=Lax; HttpOnly;
      Transfer-Encoding:
      - chunked
      X-Powered-By:
      - PHP/7.2.24
    status:
      code: 404
      message: Not Found
- request:
    body: null
    headers:
      Accept:
      - '*/*'
      Accept-Encoding:
      - gzip, deflate
      Connection:
      - keep-alive
      User-Agent:
      - python-requests/2.24.0
    method: GET
    uri: https://ipam.example.org/api/ansible/sections/?filter_by=name&filter_value=not_existing_section&filter_match=full
  response:
    body:
      string: '{"code":404,"success":false,"message":"No results (filter applied)","time":0.003}'
    headers:
      Cache-Control:
      - no-cache
      Connection:
      - Keep-Alive
      Content-Type:
      - application/json; charset=utf-8
      Date:
      - Thu, 02 Sep 2021 15:03:40 GMT
      Expires:
      - Thu, 19 Nov 1981 08:52:00 GMT
      Keep-Alive:
      - timeout=5, max=100
      Pragma:
      - no-cache
      Server:
      - Apache/2.4.37 (centos) OpenSSL/1.1.1g
      Set-Cookie:
      - phpipam=jacokfagbga30uqsktqpi2cvjv; expires=Fri, 03 Sep 2021 15:03:40 +0000;
        Max-Age=86400; path=/; SameSite=Lax; HttpOnly;
      Transfer-Encoding:
      - chunked
      X-Powered-By:
      - PHP/7.2.24
    status:
      code: 404
      message: Not Found
- request:
    body: null
    headers:
      Accept:
      - '*/*'
      Accept-Encoding:
      - gzip, deflate
      Connection:
      - keep-alive
      User-Agent:
      - python-requests/2.24.0
    method: GET
    uri: https://ipam.example.org/api/ansible/tools/device_types//1337
  response:
    body:
      string: '{"code":200,"success":false,"message":"No objects found","time":0.004}'
    headers:
      Cache-Control:
      - no-cache
      Connection:
      - Keep-Alive
      Content-Type:
      - application/json; charset=utf-8
      Date:
      - Thu, 02 Sep 2021 15:03:40 GMT
      Expires:
      - Thu, 19 Nov 1981 08:52:00 GMT
      Keep-Alive:
      - timeout=5, max=100
      Pragma:
      - no-cache
      Server:
      - Apache/2.4.37 (centos) OpenSSL/1.1.1g
      Set-Cookie:
      - phpipam=4osgafc1kbtn19o7hu29u7gug5; expires=Fri, 03 Sep 2021 15:03:40 +0000;
        Max-Age=86400; path=/; SameSite=Lax; HttpOnly;
      Transfer-Encoding:
      - chunked
      X-Powered-By:
      - PHP/7.2.24
    status:
      code: 200
      message: OK
- request:
    body: null
    headers:
      Accept:
      - '*/*'
      Accept-Encoding:
      - gzip, deflate
      Connection:
      - keep-alive
      User-Agent:
      - python-requests/2.24.0
    method: GET
    uri: https://ipam.example.org/api/ansible/addresses/search_hostname/not_existing_hostname
  response:
    body:
      string: '{"code":200,"success":false,"message":"Hostname not found","time":0.004}'
    headers:
      Cache-Control:
      - no-cache
      Connection:
      - Keep-Alive
      Content-Type:
      - application/json; charset=utf-8
      Date:
      - Thu, 02 Sep 2021 15:03:40 GMT
      Expires:
      - Thu, 19 Nov 1981 08:52:00 GMT
      Keep-Alive:
      - timeout=5, max=100
      Pragma:
      - no-cache
      Server:
      - Apache/2.4.37 (centos) OpenSSL/1.1.1g
      Set-Cookie:
      - phpipam=ak5asjgl554okb6a80e6jjso8i; expires=Fri, 03 Sep 2021 15:03:40 +0000;
        Max-Age=86400; path=/; SameSite=Lax; HttpOnly;
      Transfer-Encoding:
      - chunked
      X-Powered-By:
      - PHP/7.2.24
    status:
      code: 200
      message: OK
version: 1
